<h1>
  scmdoc second library
</h1>
<p>
  This is the second library
</p>
<h2>
  Index
</h2>
<details>
  <summary>
    Table of contents
  </summary>
  <ul>
    <li>
      <a href="#section-declarations">Declarations</a>
    </li>
    <ul>
      <li>
        <a href="#other-id">other-id</a>
      </li>
    </ul>
  </ul>
</details>
<h2 id="section-declarations">
  Declarations
</h2>
<h3>
  constant <a id="other-id" href="#other-id">other-id</a>
</h3>
<p>
  Other identifier.
</p>
<pre><code>other-id</code></pre>
