<h1>
  scmdoc test simple
</h1>
<p>
  This is a docmuented library.
</p>
<h2>
  Index
</h2>
<details>
  <summary>
    Table of contents
  </summary>
  <ul>
    <li>
      <a href="#section-declarations">Declarations</a>
    </li>
    <ul>
      <li>
        <a href="#my-procedure">my-procedure</a>
      </li>
    </ul>
    <ul>
      <li>
        <a href="#my-constant">my-constant</a>
      </li>
    </ul>
  </ul>
</details>
<h2 id="section-declarations">
  Declarations
</h2>
<h3>
  procedure <a id="my-procedure" href="#my-procedure">my-procedure</a>
</h3>
<p>
  My procedure.
</p>
<pre><code>(my-procedure id)</code></pre>
<h3>
  constant <a id="my-constant" href="#my-constant">my-constant</a>
</h3>
<p>
  My constant
</p>
<pre><code>my-constant</code></pre>
