<h1>
  example syntax
</h1>
<p>
  This is a library definition which includes a syntax definition.
</p>
<h2>
  Index
</h2>
<details>
  <summary>
    Table of contents
  </summary>
  <ul>
    <li>
      <a href="#section-declarations">Declarations</a>
    </li>
    <ul>
      <li>
        <a href="#my-syntax">my-syntax</a>
      </li>
    </ul>
  </ul>
</details>
<h2 id="section-declarations">
  Declarations
</h2>
<h3>
  syntax <a id="my-syntax" href="#my-syntax">my-syntax</a>
</h3>
<p>
  My custom syntax, should be used as follows.
</p>
<pre><code>(my-syntax
  (display "foo")
  (newline))
</code></pre>
