<h1>
  scmdoc test simple
</h1>
<p>
  This is a library which contains an example usage.
</p>
<p>
  Consider the following example:
</p>
<pre><code>(import (scmdoc test simple))

(define (my-func x)
  (* my-id 2))
</code></pre>
<h2>
  Index
</h2>
<details>
  <summary>
    Table of contents
  </summary>
  <ul>
    <li>
      <a href="#section-declarations">Declarations</a>
    </li>
    <ul>
      <li>
        <a href="#my-id">my-id</a>
      </li>
    </ul>
  </ul>
</details>
<h2 id="section-declarations">
  Declarations
</h2>
<h3>
  procedure <a id="my-id" href="#my-id">my-id</a>
</h3>
<p>
  This identifier is documented and exported.
</p>
<pre><code>(my-id x)</code></pre>
