<h1>
  scmdoc test simple
</h1>
<p>
  This is a library which renames an identifier.
</p>
<h2>
  Index
</h2>
<details>
  <summary>
    Table of contents
  </summary>
  <ul>
    <li>
      <a href="#section-declarations">Declarations</a>
    </li>
    <ul>
      <li>
        <a href="#foo">foo</a>
      </li>
    </ul>
  </ul>
</details>
<h2 id="section-declarations">
  Declarations
</h2>
<h3>
  constant <a id="foo" href="#foo">foo</a>
</h3>
<p>
  This is my constant.
</p>
<pre><code>foo</code></pre>
