<h1>
  scmdoc first library
</h1>
<p>
  This is the first library
</p>
<h2>
  Index
</h2>
<details>
  <summary>
    Table of contents
  </summary>
  <ul>
    <li>
      <a href="#section-declarations">Declarations</a>
    </li>
    <ul>
      <li>
        <a href="#my-id">my-id</a>
      </li>
    </ul>
  </ul>
</details>
<h2 id="section-declarations">
  Declarations
</h2>
<h3>
  constant <a id="my-id" href="#my-id">my-id</a>
</h3>
<p>
  Some identifier.
</p>
<pre><code>my-id</code></pre>
