<h1>
  scmdoc test simple
</h1>
<p>
  This is a library which contains an unexported, but documented, identifier.
</p>
<h2>
  Index
</h2>
<details>
  <summary>
    Table of contents
  </summary>
  <ul>
    <li>
      <a href="#section-declarations">Declarations</a>
    </li>
    <ul>
      <li>
        <a href="#exported-and-documented">exported-and-documented</a>
      </li>
    </ul>
  </ul>
</details>
<h2 id="section-declarations">
  Declarations
</h2>
<h3>
  constant <a id="exported-and-documented" href="#exported-and-documented">exported-and-documented</a>
</h3>
<p>
  This identifier is properly documented and exported.
</p>
<pre><code>exported-and-documented</code></pre>
