<h1>
  scmdoc record
</h1>
<p>
  This is a library with a record type definition.
</p>
<h2>
  Index
</h2>
<details>
  <summary>
    Table of contents
  </summary>
  <ul>
    <li>
      <a href="#section-declarations">Declarations</a>
    </li>
    <ul>
      <li>
        <a href="#kons">kons</a>
      </li>
    </ul>
    <ul>
      <li>
        <a href="#pare?">pare?</a>
      </li>
    </ul>
    <ul>
      <li>
        <a href="#kar">kar</a>
      </li>
    </ul>
    <ul>
      <li>
        <a href="#set-kar!">set-kar!</a>
      </li>
    </ul>
    <ul>
      <li>
        <a href="#kdr">kdr</a>
      </li>
    </ul>
  </ul>
</details>
<h2 id="section-declarations">
  Declarations
</h2>
<h3>
  procedure <a id="kons" href="#kons">kons</a>
</h3>
<p>
  Create a new pare.
</p>
<pre><code>(kons x y)</code></pre>
<h3>
  procedure <a id="pare?" href="#pare?">pare?</a>
</h3>
<p>
  Predicate to check if the given <code>obj</code> is a pare.
</p>
<pre><code>(pare? obj)</code></pre>
<h3>
  procedure <a id="kar" href="#kar">kar</a>
</h3>
<p>
  Obtain the first element of the pare.
</p>
<pre><code>(kar pare)</code></pre>
<h3>
  procedure <a id="set-kar!" href="#set-kar!">set-kar!</a>
</h3>
<p>
  Modify the first element of the pare.
</p>
<pre><code>(set-kar! pare new-value)</code></pre>
<h3>
  procedure <a id="kdr" href="#kdr">kdr</a>
</h3>
<p>
  Obtain the second element of the pare.
</p>
<pre><code>(kdr pare)</code></pre>
