<h1>
  scmdoc test simple
</h1>
<p>
  This is a library which contains an exported procedure definition.
</p>
<h2>
  Index
</h2>
<details>
  <summary>
    Table of contents
  </summary>
  <ul>
    <li>
      <a href="#section-declarations">Declarations</a>
    </li>
    <ul>
      <li>
        <a href="#my-procedure">my-procedure</a>
      </li>
    </ul>
  </ul>
</details>
<h2 id="section-declarations">
  Declarations
</h2>
<h3>
  procedure <a id="my-procedure" href="#my-procedure">my-procedure</a>
</h3>
<p>
  This identifier is a documented and exported procedure.
</p>
<pre><code>(my-procedure x)</code></pre>
