<h1>
  scmdoc test simple
</h1>
<p>
  This is a library which contains multiple export declarations.
</p>
<h2>
  Index
</h2>
<details>
  <summary>
    Table of contents
  </summary>
  <ul>
    <li>
      <a href="#section-declarations">Declarations</a>
    </li>
    <ul>
      <li>
        <a href="#const1">const1</a>
      </li>
    </ul>
    <ul>
      <li>
        <a href="#const2">const2</a>
      </li>
    </ul>
  </ul>
</details>
<h2 id="section-declarations">
  Declarations
</h2>
<h3>
  constant <a id="const1" href="#const1">const1</a>
</h3>
<p>
  First constant.
</p>
<pre><code>const1</code></pre>
<h3>
  constant <a id="const2" href="#const2">const2</a>
</h3>
<p>
  Second constant.
</p>
<pre><code>const2</code></pre>
