<h1>
  scmdoc test simple
</h1>
<p>
  This is a library which contains an unexported, but documented, identifier.
</p>
<h2>
  Index
</h2>
<details>
  <summary>
    Table of contents
  </summary>
  <ul>
    <li>
      <a href="#section-constants">Constants</a>
    </li>
    <ul>
      <li>
        <a href="#magic-number1">magic-number1</a>
      </li>
    </ul>
    <ul>
      <li>
        <a href="#magic-number2">magic-number2</a>
      </li>
    </ul>
    <li>
      <a href="#section-some-section">Some section</a>
    </li>
    <ul>
      <li>
        <a href="#foo">foo</a>
      </li>
    </ul>
    <li>
      <a href="#section-additional-section.">Additional section.</a>
    </li>
    <ul>
      <li>
        <a href="#bar">bar</a>
      </li>
    </ul>
    <li>
      <a href="#section-procedures">Procedures</a>
    </li>
    <ul>
      <li>
        <a href="#id">id</a>
      </li>
    </ul>
  </ul>
</details>
<h2 id="section-constants">
  Constants
</h2>
<p>
  Various useful constants.
</p>
<h3>
  constant <a id="magic-number1" href="#magic-number1">magic-number1</a>
</h3>
<p>
  A magic number.
</p>
<pre><code>magic-number1</code></pre>
<h3>
  constant <a id="magic-number2" href="#magic-number2">magic-number2</a>
</h3>
<p>
  Another magic number.
</p>
<pre><code>magic-number2</code></pre>
<h2 id="section-some-section">
  Some section
</h2>
<p>
  Yet another section.
</p>
<h3>
  constant <a id="foo" href="#foo">foo</a>
</h3>
<p>
  Foo constant.
</p>
<pre><code>foo</code></pre>
<h2 id="section-additional-section.">
  Additional section.
</h2>
<p>
  One more way to write a section comment.
</p>
<h3>
  constant <a id="bar" href="#bar">bar</a>
</h3>
<p>
  Bar constant.
</p>
<pre><code>bar</code></pre>
<h2 id="section-procedures">
  Procedures
</h2>
<p>
  Various useful procedures.
</p>
<h3>
  procedure <a id="id" href="#id">id</a>
</h3>
<p>
  The identity procedure.
</p>
<pre><code>(id x)</code></pre>
